<UIView; frame = (0 0; 320 480); autoresize = W+H; backgroundColor = <UIDynamicSystemColor; name = systemBackgroundColor>; layer = <CALayer>>
   | <UITableView; frame = (0 20; 320 460); clipsToBounds = YES; gestureRecognizers = <NSArray>; backgroundColor = <UIDynamicSystemColor; name = systemGroupedBackgroundColor>; layer = <CALayer>; contentOffset: {0, 0}; contentSize: {320, 617.33333333333337}; adjustedContentInset: {0, 0, 0, 0}; dataSource: <app_ci_cd_github_actions_demo.SettingsViewController>>
   |    | <UITableViewCell; frame = (0 457; 320 44); text = '意見回饋'; autoresize = W; layer = <CALayer>>
   |    |    | <_UISystemBackgroundView; frame = (0 0; 320 44); layer = <CALayer>; configuration = <UIBackgroundConfiguration; Base Style = List Grouped Cell; backgroundColor = <UIDynamicSystemColor; name = tableCellGroupedBackgroundColor>>>
   |    |    |    | <UIView; frame = (0 0; 320 44); backgroundColor = <UIDynamicSystemColor; name = tableCellGroupedBackgroundColor>; layer = <CALayer>>
   |    |    | <UITableViewCellContentView; frame = (0 0; 293.667 44); gestureRecognizers = <NSArray>; layer = <CALayer>>
   |    |    |    | <UITableViewLabel; frame = (16 0; 269.667 44); text = '意見回饋'; userInteractionEnabled = NO; backgroundColor = UIExtendedGrayColorSpace 0 0; layer = <_UILabelLayer>>
   |    |    | <_UITableCellAccessoryButton; frame = (293.667 15; 10.3333 14); opaque = NO; userInteractionEnabled = NO; gestureRecognizers = <NSArray>; layer = <CALayer>>
   |    |    |    | <UIImageView; frame = (0 0; 10.3333 14); clipsToBounds = YES; opaque = NO; userInteractionEnabled = NO; image = <UIImage symbol "chevron.forward"; (10 14)@3{2}>; layer = <CALayer>>
   |    |    | <_UITableViewCellSeparatorView; frame = (0 43.6667; 320 0.333333); backgroundColor = <UIDynamicSystemColor; name = separatorColor>; layer = <CALayer>>
   |    | <UITableViewCell; frame = (0 413; 320 44); text = '幫助'; autoresize = W; layer = <CALayer>>
   |    |    | <_UISystemBackgroundView; frame = (0 0; 320 44); layer = <CALayer>; configuration = <UIBackgroundConfiguration; Base Style = List Grouped Cell; backgroundColor = <UIDynamicSystemColor; name = tableCellGroupedBackgroundColor>>>
   |    |    |    | <UIView; frame = (0 0; 320 44); backgroundColor = <UIDynamicSystemColor; name = tableCellGroupedBackgroundColor>; layer = <CALayer>>
   |    |    | <UITableViewCellContentView; frame = (0 0; 293.667 44); gestureRecognizers = <NSArray>; layer = <CALayer>>
   |    |    |    | <UITableViewLabel; frame = (16 0; 269.667 44); text = '幫助'; userInteractionEnabled = NO; backgroundColor = UIExtendedGrayColorSpace 0 0; layer = <_UILabelLayer>>
   |    |    | <_UITableCellAccessoryButton; frame = (293.667 15; 10.3333 14); opaque = NO; userInteractionEnabled = NO; gestureRecognizers = <NSArray>; layer = <CALayer>>
   |    |    |    | <UIImageView; frame = (0 0; 10.3333 14); clipsToBounds = YES; opaque = NO; userInteractionEnabled = NO; image = <UIImage symbol "chevron.forward"; (10 14)@3{2}>; layer = <CALayer>>
   |    |    | <_UITableViewCellSeparatorView; frame = (16 43.6667; 304 0.333333); backgroundColor = <UIDynamicSystemColor; name = separatorColor>; layer = <CALayer>>
   |    | <UITableViewCell; frame = (0 369; 320 44); text = '關於'; autoresize = W; layer = <CALayer>>
   |    |    | <_UISystemBackgroundView; frame = (0 0; 320 44); layer = <CALayer>; configuration = <UIBackgroundConfiguration; Base Style = List Grouped Cell; backgroundColor = <UIDynamicSystemColor; name = tableCellGroupedBackgroundColor>>>
   |    |    |    | <UIView; frame = (0 0; 320 44); backgroundColor = <UIDynamicSystemColor; name = tableCellGroupedBackgroundColor>; layer = <CALayer>>
   |    |    | <UITableViewCellContentView; frame = (0 0; 293.667 44); gestureRecognizers = <NSArray>; layer = <CALayer>>
   |    |    |    | <UITableViewLabel; frame = (16 0; 269.667 44); text = '關於'; userInteractionEnabled = NO; backgroundColor = UIExtendedGrayColorSpace 0 0; layer = <_UILabelLayer>>
   |    |    | <_UITableCellAccessoryButton; frame = (293.667 15; 10.3333 14); opaque = NO; userInteractionEnabled = NO; gestureRecognizers = <NSArray>; layer = <CALayer>>
   |    |    |    | <UIImageView; frame = (0 0; 10.3333 14); clipsToBounds = YES; opaque = NO; userInteractionEnabled = NO; image = <UIImage symbol "chevron.forward"; (10 14)@3{2}>; layer = <CALayer>>
   |    |    | <_UITableViewCellSeparatorView; frame = (16 43.6667; 304 0.333333); backgroundColor = <UIDynamicSystemColor; name = separatorColor>; layer = <CALayer>>
   |    |    | <_UITableViewCellSeparatorView; frame = (0 0; 320 0.333333); backgroundColor = <UIDynamicSystemColor; name = separatorColor>; layer = <CALayer>>
   |    | <UITableViewCell; frame = (0 290; 320 44); text = '字體大小'; autoresize = W; layer = <CALayer>>
   |    |    | <_UISystemBackgroundView; frame = (0 0; 320 44); layer = <CALayer>; configuration = <UIBackgroundConfiguration; Base Style = List Grouped Cell; backgroundColor = <UIDynamicSystemColor; name = tableCellGroupedBackgroundColor>>>
   |    |    |    | <UIView; frame = (0 0; 320 44); backgroundColor = <UIDynamicSystemColor; name = tableCellGroupedBackgroundColor>; layer = <CALayer>>
   |    |    | <UITableViewCellContentView; frame = (0 0; 293.667 44); gestureRecognizers = <NSArray>; layer = <CALayer>>
   |    |    |    | <UITableViewLabel; frame = (16 0; 269.667 44); text = '字體大小'; userInteractionEnabled = NO; backgroundColor = UIExtendedGrayColorSpace 0 0; layer = <_UILabelLayer>>
   |    |    | <_UITableCellAccessoryButton; frame = (293.667 15; 10.3333 14); opaque = NO; userInteractionEnabled = NO; gestureRecognizers = <NSArray>; layer = <CALayer>>
   |    |    |    | <UIImageView; frame = (0 0; 10.3333 14); clipsToBounds = YES; opaque = NO; userInteractionEnabled = NO; image = <UIImage symbol "chevron.forward"; (10 14)@3{2}>; layer = <CALayer>>
   |    |    | <_UITableViewCellSeparatorView; frame = (0 43.6667; 320 0.333333); backgroundColor = <UIDynamicSystemColor; name = separatorColor>; layer = <CALayer>>
   |    | <UITableViewCell; frame = (0 246; 320 44); text = '主題'; autoresize = W; layer = <CALayer>>
   |    |    | <_UISystemBackgroundView; frame = (0 0; 320 44); layer = <CALayer>; configuration = <UIBackgroundConfiguration; Base Style = List Grouped Cell; backgroundColor = <UIDynamicSystemColor; name = tableCellGroupedBackgroundColor>>>
   |    |    |    | <UIView; frame = (0 0; 320 44); backgroundColor = <UIDynamicSystemColor; name = tableCellGroupedBackgroundColor>; layer = <CALayer>>
   |    |    | <UITableViewCellContentView; frame = (0 0; 293.667 44); gestureRecognizers = <NSArray>; layer = <CALayer>>
   |    |    |    | <UITableViewLabel; frame = (16 0; 269.667 44); text = '主題'; userInteractionEnabled = NO; backgroundColor = UIExtendedGrayColorSpace 0 0; layer = <_UILabelLayer>>
   |    |    | <_UITableCellAccessoryButton; frame = (293.667 15; 10.3333 14); opaque = NO; userInteractionEnabled = NO; gestureRecognizers = <NSArray>; layer = <CALayer>>
   |    |    |    | <UIImageView; frame = (0 0; 10.3333 14); clipsToBounds = YES; opaque = NO; userInteractionEnabled = NO; image = <UIImage symbol "chevron.forward"; (10 14)@3{2}>; layer = <CALayer>>
   |    |    | <_UITableViewCellSeparatorView; frame = (16 43.6667; 304 0.333333); backgroundColor = <UIDynamicSystemColor; name = separatorColor>; layer = <CALayer>>
   |    | <UITableViewCell; frame = (0 202; 320 44); text = '語言'; autoresize = W; layer = <CALayer>>
   |    |    | <_UISystemBackgroundView; frame = (0 0; 320 44); layer = <CALayer>; configuration = <UIBackgroundConfiguration; Base Style = List Grouped Cell; backgroundColor = <UIDynamicSystemColor; name = tableCellGroupedBackgroundColor>>>
   |    |    |    | <UIView; frame = (0 0; 320 44); backgroundColor = <UIDynamicSystemColor; name = tableCellGroupedBackgroundColor>; layer = <CALayer>>
   |    |    | <UITableViewCellContentView; frame = (0 0; 293.667 44); gestureRecognizers = <NSArray>; layer = <CALayer>>
   |    |    |    | <UITableViewLabel; frame = (16 0; 269.667 44); text = '語言'; userInteractionEnabled = NO; backgroundColor = UIExtendedGrayColorSpace 0 0; layer = <_UILabelLayer>>
   |    |    | <_UITableCellAccessoryButton; frame = (293.667 15; 10.3333 14); opaque = NO; userInteractionEnabled = NO; gestureRecognizers = <NSArray>; layer = <CALayer>>
   |    |    |    | <UIImageView; frame = (0 0; 10.3333 14); clipsToBounds = YES; opaque = NO; userInteractionEnabled = NO; image = <UIImage symbol "chevron.forward"; (10 14)@3{2}>; layer = <CALayer>>
   |    |    | <_UITableViewCellSeparatorView; frame = (16 43.6667; 304 0.333333); backgroundColor = <UIDynamicSystemColor; name = separatorColor>; layer = <CALayer>>
   |    |    | <_UITableViewCellSeparatorView; frame = (0 0; 320 0.333333); backgroundColor = <UIDynamicSystemColor; name = separatorColor>; layer = <CALayer>>
   |    | <UITableViewCell; frame = (0 123; 320 44); text = '通知設定'; autoresize = W; layer = <CALayer>>
   |    |    | <_UISystemBackgroundView; frame = (0 0; 320 44); layer = <CALayer>; configuration = <UIBackgroundConfiguration; Base Style = List Grouped Cell; backgroundColor = <UIDynamicSystemColor; name = tableCellGroupedBackgroundColor>>>
   |    |    |    | <UIView; frame = (0 0; 320 44); backgroundColor = <UIDynamicSystemColor; name = tableCellGroupedBackgroundColor>; layer = <CALayer>>
   |    |    | <UITableViewCellContentView; frame = (0 0; 293.667 44); gestureRecognizers = <NSArray>; layer = <CALayer>>
   |    |    |    | <UITableViewLabel; frame = (16 0; 269.667 44); text = '通知設定'; userInteractionEnabled = NO; backgroundColor = UIExtendedGrayColorSpace 0 0; layer = <_UILabelLayer>>
   |    |    | <_UITableCellAccessoryButton; frame = (293.667 15; 10.3333 14); opaque = NO; userInteractionEnabled = NO; gestureRecognizers = <NSArray>; layer = <CALayer>>
   |    |    |    | <UIImageView; frame = (0 0; 10.3333 14); clipsToBounds = YES; opaque = NO; userInteractionEnabled = NO; image = <UIImage symbol "chevron.forward"; (10 14)@3{2}>; layer = <CALayer>>
   |    |    | <_UITableViewCellSeparatorView; frame = (0 43.6667; 320 0.333333); backgroundColor = <UIDynamicSystemColor; name = separatorColor>; layer = <CALayer>>
   |    | <UITableViewCell; frame = (0 79; 320 44); text = '隱私設定'; autoresize = W; layer = <CALayer>>
   |    |    | <_UISystemBackgroundView; frame = (0 0; 320 44); layer = <CALayer>; configuration = <UIBackgroundConfiguration; Base Style = List Grouped Cell; backgroundColor = <UIDynamicSystemColor; name = tableCellGroupedBackgroundColor>>>
   |    |    |    | <UIView; frame = (0 0; 320 44); backgroundColor = <UIDynamicSystemColor; name = tableCellGroupedBackgroundColor>; layer = <CALayer>>
   |    |    | <UITableViewCellContentView; frame = (0 0; 293.667 44); gestureRecognizers = <NSArray>; layer = <CALayer>>
   |    |    |    | <UITableViewLabel; frame = (16 0; 269.667 44); text = '隱私設定'; userInteractionEnabled = NO; backgroundColor = UIExtendedGrayColorSpace 0 0; layer = <_UILabelLayer>>
   |    |    | <_UITableCellAccessoryButton; frame = (293.667 15; 10.3333 14); opaque = NO; userInteractionEnabled = NO; gestureRecognizers = <NSArray>; layer = <CALayer>>
   |    |    |    | <UIImageView; frame = (0 0; 10.3333 14); clipsToBounds = YES; opaque = NO; userInteractionEnabled = NO; image = <UIImage symbol "chevron.forward"; (10 14)@3{2}>; layer = <CALayer>>
   |    |    | <_UITableViewCellSeparatorView; frame = (16 43.6667; 304 0.333333); backgroundColor = <UIDynamicSystemColor; name = separatorColor>; layer = <CALayer>>
   |    | <UITableViewCell; frame = (0 35; 320 44); text = '帳戶設定'; autoresize = W; layer = <CALayer>>
   |    |    | <_UISystemBackgroundView; frame = (0 0; 320 44); layer = <CALayer>; configuration = <UIBackgroundConfiguration; Base Style = List Grouped Cell; backgroundColor = <UIDynamicSystemColor; name = tableCellGroupedBackgroundColor>>>
   |    |    |    | <UIView; frame = (0 0; 320 44); backgroundColor = <UIDynamicSystemColor; name = tableCellGroupedBackgroundColor>; layer = <CALayer>>
   |    |    | <UITableViewCellContentView; frame = (0 0; 293.667 44); gestureRecognizers = <NSArray>; layer = <CALayer>>
   |    |    |    | <UITableViewLabel; frame = (16 0; 269.667 44); text = '帳戶設定'; userInteractionEnabled = NO; backgroundColor = UIExtendedGrayColorSpace 0 0; layer = <_UILabelLayer>>
   |    |    | <_UITableCellAccessoryButton; frame = (293.667 15; 10.3333 14); opaque = NO; userInteractionEnabled = NO; gestureRecognizers = <NSArray>; layer = <CALayer>>
   |    |    |    | <UIImageView; frame = (0 0; 10.3333 14); clipsToBounds = YES; opaque = NO; userInteractionEnabled = NO; image = <UIImage symbol "chevron.forward"; (10 14)@3{2}>; layer = <CALayer>>
   |    |    | <_UITableViewCellSeparatorView; frame = (16 43.6667; 304 0.333333); backgroundColor = <UIDynamicSystemColor; name = separatorColor>; layer = <CALayer>>
   |    |    | <_UITableViewCellSeparatorView; frame = (0 0; 320 0.333333); backgroundColor = <UIDynamicSystemColor; name = separatorColor>; layer = <CALayer>>
   |    | <_UIScrollViewScrollIndicator; frame = (314 -39; 3 36); alpha = 0; autoresize = LM; layer = <CALayer>>
   |    |    | <UIView; frame = (0 0; 3 36); backgroundColor = UIExtendedGrayColorSpace 0 0.35; layer = <CALayer>>
   |    | <_UIScrollViewScrollIndicator; frame = (-39 454; 36 3); alpha = 0; autoresize = TM; layer = <CALayer>>
   |    |    | <UIView; frame = (0 0; 36 3); backgroundColor = UIExtendedGrayColorSpace 0 0.35; layer = <CALayer>>